=== serial_ep16_broadcast_reduce_overlap_b2_s128_t20 ===
| 0     0                   | 0000:9D:00.0  | 0           0    / 0          3133 / 65536         |
| 1     1                   | 0000:9F:00.0  | 0           0    / 0          2897 / 65536         |
| 0     2                   | 0000:99:00.0  | 0           0    / 0          3122 / 65536         |
| 1     3                   | 0000:9B:00.0  | 0           0    / 0          2896 / 65536         |
| 0     4                   | 0000:95:00.0  | 0           0    / 0          3136 / 65536         |
| 1     5                   | 0000:97:00.0  | 0           0    / 0          2885 / 65536         |
| 0     6                   | 0000:91:00.0  | 0           0    / 0          3131 / 65536         |
| 1     7                   | 0000:93:00.0  | 0           0    / 0          2896 / 65536         |
| 0     8                   | 0000:8D:00.0  | 0           0    / 0          3123 / 65536         |
| 1     9                   | 0000:8F:00.0  | 0           0    / 0          2891 / 65536         |
| 0     10                  | 0000:89:00.0  | 0           0    / 0          3122 / 65536         |
| 1     11                  | 0000:8B:00.0  | 0           0    / 0          2893 / 65536         |
| 0     12                  | 0000:85:00.0  | 0           0    / 0          3120 / 65536         |
| 1     13                  | 0000:87:00.0  | 0           0    / 0          2893 / 65536         |
| 0     14                  | 0000:81:00.0  | 0           0    / 0          3120 / 65536         |
| 1     15                  | 0000:83:00.0  | 0           0    / 0          2893 / 65536         |
serial_ep16_broadcast_reduce_overlap_b2_s128_t20: ORCHESTRATION_FAIL Connection reset by 1.95.114.229 port 22
=== decode-dbo_ep16_broadcast_reduce_overlap_b2_s128_t20 ===
| 0     0                   | 0000:9D:00.0  | 0           0    / 0          3192 / 65536         |
| 1     1                   | 0000:9F:00.0  | 0           0    / 0          2952 / 65536         |
| 0     2                   | 0000:99:00.0  | 0           0    / 0          3181 / 65536         |
| 1     3                   | 0000:9B:00.0  | 0           0    / 0          2950 / 65536         |
| 0     4                   | 0000:95:00.0  | 0           0    / 0          3195 / 65536         |
| 1     5                   | 0000:97:00.0  | 0           0    / 0          2940 / 65536         |
| 0     6                   | 0000:91:00.0  | 0           0    / 0          3190 / 65536         |
| 1     7                   | 0000:93:00.0  | 0           0    / 0          2950 / 65536         |
| 0     8                   | 0000:8D:00.0  | 0           0    / 0          3182 / 65536         |
| 1     9                   | 0000:8F:00.0  | 0           0    / 0          2946 / 65536         |
| 0     10                  | 0000:89:00.0  | 0           0    / 0          3181 / 65536         |
| 1     11                  | 0000:8B:00.0  | 0           0    / 0          2947 / 65536         |
| 0     12                  | 0000:85:00.0  | 0           0    / 0          3177 / 65536         |
| 1     13                  | 0000:87:00.0  | 0           0    / 0          2946 / 65536         |
| 0     14                  | 0000:81:00.0  | 0           0    / 0          3178 / 65536         |
| 1     15                  | 0000:83:00.0  | 0           0    / 0          2948 / 65536         |
decode-dbo_ep16_broadcast_reduce_overlap_b2_s128_t20: SKIP_STALE_PROCESS tpot= h1=False h2=True
Stopping after stale process detection; clean explicit PIDs and resume.
